// Jest Snapshot v1, https://goo.gl/fbAQLP

exports[`TodoList component renders TodoList correctly 1`] = `
<ul>
  <Todo
    completed={false}
    handleTodo={[Function]}
    id="todo-id-0"
    key="todo-id-0"
    text="Learn Redux"
  />
  <Todo
    completed={false}
    handleTodo={[Function]}
    id="todo-id-1"
    key="todo-id-1"
    text="Master Redux"
  />
</ul>
`;
